[0, 1, 4, 9, 16]
[0, 1, 4, 9, 16]

[0, 11, 24, 39, 56]
[0, 11, 24, 39, 56]

1 1
123
456

2 3 3 4
1 4 9 16
