Anonymous
Anonymous
Anonymous 1 2
Anonymous 1
Anonymous 2
Anonymous 3
