1
2
12

11
12
112

15
20
21

13
14

113
114

26
31

