1 2 3
14

4 5 6
77

3 2 1
14

4 2 3
29

-4 5 6
77

3 2 1
14

