begin
true
true
end
begin
true
end
begin
1
2
end
begin
true
end
begin
true
true true
true
end
0
0 0
0 0 0
1
1 0
1 0 1
2
2 1
3
3 1
3 1 1
1
3
