[10, 11, 12, 13, 14, 15, 16, 17, 18, 19]
[10, 12, 14, 16, 18]
10
11
12
13
14
15
16
17
18
19
10
12
14
16
18
10
12
14
16
18
10
11
12
13
14
15
16
17
18
19
