TestTestTestTest
TestTestTestTest
TestTestTestTest


(1, 2, 3, 1, 2, 3, 1, 2, 3, 1, 2, 3)
(1, 2, 3, 1, 2, 3, 1, 2, 3, 1, 2, 3)
(1, 2, 3, 1, 2, 3, 1, 2, 3, 1, 2, 3)
()
()
