2
[4, 5, 6]
5

[1, (2, 2, 2), 3]
(2, 2, 2)

[1, 22, 3]
(2, 2, 2)

[1, (2, 22, 2), 3]
22

[[1, 2, 3], [4, 5, 6], [7, 8, 9]]
[4, 5, 6]
5

[[1, 2, 3], [4, 55, 444], [7, 8, 9]]
[4, 55, 444]
5

[[1, 2, 3], (44, 5, 66), [7, 8, 9]]
[4, 55, 444]
5

1 2
1 2
1 2

1 22 3
(1, 2)
1 22 3

